// Jest Snapshot v1, https://goo.gl/fbAQLP

exports[`HomePage renders correctly 1`] = `
<View
  style={
    Object {
      "backgroundColor": "#e6f5ef",
      "flex": 1,
    }
  }
>
  <View
    style={
      Object {
        "flex": 4,
        "justifyContent": "center",
      }
    }
  >
    <Text
      style={
        Object {
          "color": "#50aab5",
          "flex": 3,
          "fontSize": 50,
          "marginTop": 50,
          "textAlign": "center",
        }
      }
    >
       CityP
      <Image
        source={
          Object {
            "testUri": "../../../src/images/logo.png",
          }
        }
        style={
          Object {
            "height": 70,
            "width": 80,
          }
        }
      />
      p 
    </Text>
  </View>
  <View
    style={
      Object {
        "flex": 3,
        "justifyContent": "center",
        "marginTop": 50,
      }
    }
  >
    <Text
      style={
        Object {
          "color": "#b4ced1",
          "flex": 3,
          "fontSize": 17,
          "textAlign": "center",
        }
      }
    >
       Welcome to CityPop ! 
      

       You can check the population count 
      

       of the cities all around the world ! 
    </Text>
  </View>
  <View
    style={
      Object {
        "alignItems": "center",
        "flex": 3,
        "justifyContent": "center",
      }
    }
  >
    <View
      accessible={true}
      collapsable={false}
      focusable={true}
      onClick={[Function]}
      onResponderGrant={[Function]}
      onResponderMove={[Function]}
      onResponderRelease={[Function]}
      onResponderTerminate={[Function]}
      onResponderTerminationRequest={[Function]}
      onStartShouldSetResponder={[Function]}
      style={
        Object {
          "alignItems": "center",
          "alignSelf": "center",
          "backgroundColor": "#50aab5",
          "borderRadius": 10,
          "flexDirection": "row",
          "height": 60,
          "opacity": 1,
          "width": "60%",
        }
      }
    >
      <View
        style={
          Object {
            "flex": 1,
          }
        }
      >
        <Text
          style={
            Object {
              "color": "white",
              "fontSize": 15,
              "textAlign": "center",
            }
          }
        >
           
          SEARCH BY CITY
           
        </Text>
      </View>
    </View>
  </View>
  <View
    style={
      Object {
        "alignItems": "center",
        "flex": 3,
        "justifyContent": "center",
      }
    }
  >
    <View
      accessible={true}
      collapsable={false}
      focusable={true}
      onClick={[Function]}
      onResponderGrant={[Function]}
      onResponderMove={[Function]}
      onResponderRelease={[Function]}
      onResponderTerminate={[Function]}
      onResponderTerminationRequest={[Function]}
      onStartShouldSetResponder={[Function]}
      style={
        Object {
          "alignItems": "center",
          "alignSelf": "center",
          "backgroundColor": "#50aab5",
          "borderRadius": 10,
          "flexDirection": "row",
          "height": 60,
          "opacity": 1,
          "width": "60%",
        }
      }
    >
      <View
        style={
          Object {
            "flex": 1,
          }
        }
      >
        <Text
          style={
            Object {
              "color": "white",
              "fontSize": 15,
              "textAlign": "center",
            }
          }
        >
           
          SEARCH BY COUNTRY
           
        </Text>
      </View>
    </View>
  </View>
  <View
    style={
      Object {
        "flex": 5,
      }
    }
  >
    <View
      accessibilityIgnoresInvertColors={true}
      style={
        Object {
          "flex": 5,
          "justifyContent": "center",
        }
      }
    >
      <Image
        resizeMode="stretch"
        source={
          Object {
            "testUri": "../../../src/images/background.png",
          }
        }
        style={
          Array [
            Object {
              "bottom": 0,
              "left": 0,
              "position": "absolute",
              "right": 0,
              "top": 0,
            },
            Object {
              "height": undefined,
              "width": undefined,
            },
            undefined,
          ]
        }
      />
      <Text
        style={
          Object {
            "color": "#50aab5",
            "fontSize": 13,
            "fontWeight": "bold",
            "marginTop": 150,
            "textAlign": "center",
          }
        }
      >
        By Lina Abu Hijleh - 2022
      </Text>
    </View>
  </View>
</View>
`;
